Archive member included to satisfy reference by file (symbol)

C:\broadkey_demo\broadkey_no_enroll\broadkey_no_enroll\USER\broadkey_no_enroll\lib\libiidbroadkey_pro_256_noenroll_m3.a(iidbroadkey_merged.c.obj)
                              ./USER/broadkey_no_enroll/src/broadkey_demo_app.o (bk_get_product_info)
c:/users/liang/downloads/gowin prokect/gowin prokect/eclipse_tools_181108a/eclipse_tools/tools/gnu tools arm embedded/5.4 2016q2/bin/../lib/gcc/arm-none-eabi/5.4.1/../../../../arm-none-eabi/lib/armv7-m\libg.a(lib_a-exit.o)
                              c:/users/liang/downloads/gowin prokect/gowin prokect/eclipse_tools_181108a/eclipse_tools/tools/gnu tools arm embedded/5.4 2016q2/bin/../lib/gcc/arm-none-eabi/5.4.1/../../../../arm-none-eabi/lib/armv7-m/crt0.o (exit)
c:/users/liang/downloads/gowin prokect/gowin prokect/eclipse_tools_181108a/eclipse_tools/tools/gnu tools arm embedded/5.4 2016q2/bin/../lib/gcc/arm-none-eabi/5.4.1/../../../../arm-none-eabi/lib/armv7-m\libg.a(lib_a-impure.o)
                              c:/users/liang/downloads/gowin prokect/gowin prokect/eclipse_tools_181108a/eclipse_tools/tools/gnu tools arm embedded/5.4 2016q2/bin/../lib/gcc/arm-none-eabi/5.4.1/../../../../arm-none-eabi/lib/armv7-m\libg.a(lib_a-exit.o) (_global_impure_ptr)
c:/users/liang/downloads/gowin prokect/gowin prokect/eclipse_tools_181108a/eclipse_tools/tools/gnu tools arm embedded/5.4 2016q2/bin/../lib/gcc/arm-none-eabi/5.4.1/../../../../arm-none-eabi/lib/armv7-m\libg.a(lib_a-init.o)
                              c:/users/liang/downloads/gowin prokect/gowin prokect/eclipse_tools_181108a/eclipse_tools/tools/gnu tools arm embedded/5.4 2016q2/bin/../lib/gcc/arm-none-eabi/5.4.1/../../../../arm-none-eabi/lib/armv7-m/crt0.o (__libc_init_array)
c:/users/liang/downloads/gowin prokect/gowin prokect/eclipse_tools_181108a/eclipse_tools/tools/gnu tools arm embedded/5.4 2016q2/bin/../lib/gcc/arm-none-eabi/5.4.1/../../../../arm-none-eabi/lib/armv7-m\libg.a(lib_a-memcpy.o)
                              ./USER/broadkey_no_enroll/src/broadkey_demo_app.o (memcpy)
c:/users/liang/downloads/gowin prokect/gowin prokect/eclipse_tools_181108a/eclipse_tools/tools/gnu tools arm embedded/5.4 2016q2/bin/../lib/gcc/arm-none-eabi/5.4.1/../../../../arm-none-eabi/lib/armv7-m\libg.a(lib_a-memset.o)
                              c:/users/liang/downloads/gowin prokect/gowin prokect/eclipse_tools_181108a/eclipse_tools/tools/gnu tools arm embedded/5.4 2016q2/bin/../lib/gcc/arm-none-eabi/5.4.1/../../../../arm-none-eabi/lib/armv7-m/crt0.o (memset)
c:/users/liang/downloads/gowin prokect/gowin prokect/eclipse_tools_181108a/eclipse_tools/tools/gnu tools arm embedded/5.4 2016q2/bin/../lib/gcc/arm-none-eabi/5.4.1/../../../../arm-none-eabi/lib/armv7-m\libg.a(lib_a-__call_atexit.o)
                              c:/users/liang/downloads/gowin prokect/gowin prokect/eclipse_tools_181108a/eclipse_tools/tools/gnu tools arm embedded/5.4 2016q2/bin/../lib/gcc/arm-none-eabi/5.4.1/../../../../arm-none-eabi/lib/armv7-m\libg.a(lib_a-exit.o) (__call_exitprocs)
c:/users/liang/downloads/gowin prokect/gowin prokect/eclipse_tools_181108a/eclipse_tools/tools/gnu tools arm embedded/5.4 2016q2/bin/../lib/gcc/arm-none-eabi/5.4.1/../../../../arm-none-eabi/lib/armv7-m\libg.a(lib_a-atexit.o)
                              c:/users/liang/downloads/gowin prokect/gowin prokect/eclipse_tools_181108a/eclipse_tools/tools/gnu tools arm embedded/5.4 2016q2/bin/../lib/gcc/arm-none-eabi/5.4.1/../../../../arm-none-eabi/lib/armv7-m\libg.a(lib_a-__call_atexit.o) (atexit)
c:/users/liang/downloads/gowin prokect/gowin prokect/eclipse_tools_181108a/eclipse_tools/tools/gnu tools arm embedded/5.4 2016q2/bin/../lib/gcc/arm-none-eabi/5.4.1/../../../../arm-none-eabi/lib/armv7-m\libg.a(lib_a-fini.o)
                              c:/users/liang/downloads/gowin prokect/gowin prokect/eclipse_tools_181108a/eclipse_tools/tools/gnu tools arm embedded/5.4 2016q2/bin/../lib/gcc/arm-none-eabi/5.4.1/../../../../arm-none-eabi/lib/armv7-m\libg.a(lib_a-__call_atexit.o) (__libc_fini_array)
c:/users/liang/downloads/gowin prokect/gowin prokect/eclipse_tools_181108a/eclipse_tools/tools/gnu tools arm embedded/5.4 2016q2/bin/../lib/gcc/arm-none-eabi/5.4.1/../../../../arm-none-eabi/lib/armv7-m\libg.a(lib_a-__atexit.o)
                              c:/users/liang/downloads/gowin prokect/gowin prokect/eclipse_tools_181108a/eclipse_tools/tools/gnu tools arm embedded/5.4 2016q2/bin/../lib/gcc/arm-none-eabi/5.4.1/../../../../arm-none-eabi/lib/armv7-m\libg.a(lib_a-atexit.o) (__register_exitproc)
c:/users/liang/downloads/gowin prokect/gowin prokect/eclipse_tools_181108a/eclipse_tools/tools/gnu tools arm embedded/5.4 2016q2/bin/../lib/gcc/arm-none-eabi/5.4.1/../../../../arm-none-eabi/lib/armv7-m\libnosys.a(_exit.o)
[...]
Memory Configuration

Name             Origin             Length             Attributes
FLASH            0x00000000         0x0001fc00         xr
AC_FLASH         0x0001fc00         0x00000400         r
RAM              0x20000000         0x00001c00         xrw
PUF              0x20001c00         0x00000400         rw
*default*        0x00000000         0xffffffff

Linker script and memory map

LOAD c:/users/liang/downloads/gowin prokect/gowin prokect/eclipse_tools_181108a/eclipse_tools/tools/gnu tools arm embedded/5.4 2016q2/bin/../lib/gcc/arm-none-eabi/5.4.1/armv7-m/crti.o
LOAD c:/users/liang/downloads/gowin prokect/gowin prokect/eclipse_tools_181108a/eclipse_tools/tools/gnu tools arm embedded/5.4 2016q2/bin/../lib/gcc/arm-none-eabi/5.4.1/armv7-m/crtbegin.o
LOAD c:/users/liang/downloads/gowin prokect/gowin prokect/eclipse_tools_181108a/eclipse_tools/tools/gnu tools arm embedded/5.4 2016q2/bin/../lib/gcc/arm-none-eabi/5.4.1/../../../../arm-none-eabi/lib/armv7-m/crt0.o
LOAD ./USER/broadkey_no_enroll/src/broadkey_demo_app.o
LOAD ./USER/broadkey_no_enroll/src/iid_print.o
LOAD ./USER/broadkey_no_enroll/src/iid_usart.o
LOAD ./USER/gw1ns2c_it.o
LOAD ./USER/led.o
LOAD ./USER/main.o
LOAD ./USER/printf.o
LOAD ./USER/uart_test.o
LOAD ./SYSTEM/system_gw1ns2c.o
LOAD ./STARTUP/startup_gw1ns2c.o
LOAD ./PERIPHER/Sources/gw1ns2c_adc.o
LOAD ./PERIPHER/Sources/gw1ns2c_gpio.o
LOAD ./PERIPHER/Sources/gw1ns2c_imonitor.o
LOAD ./PERIPHER/Sources/gw1ns2c_lcd1602.o
LOAD ./PERIPHER/Sources/gw1ns2c_misc.o
LOAD ./PERIPHER/Sources/gw1ns2c_spi.o
LOAD ./PERIPHER/Sources/gw1ns2c_syscon.o
LOAD ./PERIPHER/Sources/gw1ns2c_timer.o
LOAD ./PERIPHER/Sources/gw1ns2c_uart.o
LOAD ./PERIPHER/Sources/gw1ns2c_wdog.o
LOAD ./CORE/core_cm3.o
LOAD C:\broadkey_demo\broadkey_no_enroll\broadkey_no_enroll\USER\broadkey_no_enroll\lib\libiidbroadkey_pro_256_noenroll_m3.a
START GROUP
LOAD c:/users/liang/downloads/gowin prokect/gowin prokect/eclipse_tools_181108a/eclipse_tools/tools/gnu tools arm embedded/5.4 2016q2/bin/../lib/gcc/arm-none-eabi/5.4.1/armv7-m\libgcc.a
LOAD c:/users/liang/downloads/gowin prokect/gowin prokect/eclipse_tools_181108a/eclipse_tools/tools/gnu tools arm embedded/5.4 2016q2/bin/../lib/gcc/arm-none-eabi/5.4.1/../../../../arm-none-eabi/lib/armv7-m\libg.a
LOAD c:/users/liang/downloads/gowin prokect/gowin prokect/eclipse_tools_181108a/eclipse_tools/tools/gnu tools arm embedded/5.4 2016q2/bin/../lib/gcc/arm-none-eabi/5.4.1/../../../../arm-none-eabi/lib/armv7-m\libc.a
END GROUP
LOAD c:/users/liang/downloads/gowin prokect/gowin prokect/eclipse_tools_181108a/eclipse_tools/tools/gnu tools arm embedded/5.4 2016q2/bin/../lib/gcc/arm-none-eabi/5.4.1/armv7-m/crtend.o
LOAD c:/users/liang/downloads/gowin prokect/gowin prokect/eclipse_tools_181108a/eclipse_tools/tools/gnu tools arm embedded/5.4 2016q2/bin/../lib/gcc/arm-none-eabi/5.4.1/armv7-m/crtn.o
START GROUP
LOAD c:/users/liang/downloads/gowin prokect/gowin prokect/eclipse_tools_181108a/eclipse_tools/tools/gnu tools arm embedded/5.4 2016q2/bin/../lib/gcc/arm-none-eabi/5.4.1/armv7-m\libgcc.a
LOAD c:/users/liang/downloads/gowin prokect/gowin prokect/eclipse_tools_181108a/eclipse_tools/tools/gnu tools arm embedded/5.4 2016q2/bin/../lib/gcc/arm-none-eabi/5.4.1/../../../../arm-none-eabi/lib/armv7-m\libc.a
LOAD c:/users/liang/downloads/gowin prokect/gowin prokect/eclipse_tools_181108a/eclipse_tools/tools/gnu tools arm embedded/5.4 2016q2/bin/../lib/gcc/arm-none-eabi/5.4.1/../../../../arm-none-eabi/lib/armv7-m\libm.a
LOAD c:/users/liang/downloads/gowin prokect/gowin prokect/eclipse_tools_181108a/eclipse_tools/tools/gnu tools arm embedded/5.4 2016q2/bin/../lib/gcc/arm-none-eabi/5.4.1/../../../../arm-none-eabi/lib/armv7-m\libnosys.a
END GROUP
                0x20001c00                __bk_addr_puf = ORIGIN (PUF)
                0x0001fc00                __bk_addr_ac = ORIGIN (AC_FLASH)

.text           0x00000000     0x76e8
 *(.isr_vector)
 .isr_vector    0x00000000       0xc0 ./STARTUP/startup_gw1ns2c.o
                0x00000000                __isr_vector
 *(.text*)
 .text.broadkey_demo_app
                0x000000c0      0x1b8 ./USER/broadkey_no_enroll/src/broadkey_demo_app.o
                0x000000c0                broadkey_demo_app
 .text.demo_version
                0x00000278       0xa4 ./USER/broadkey_no_enroll/src/broadkey_demo_app.o
 .text.demo_init
                0x0000031c       0x4c ./USER/broadkey_no_enroll/src/broadkey_demo_app.o
 .text.demo_enroll_or_start
                0x00000368      0x1e4 ./USER/broadkey_no_enroll/src/broadkey_demo_app.o
 .text.demo_get_random_bytes
                0x0000054c       0x88 ./USER/broadkey_no_enroll/src/broadkey_demo_app.o
 .text.demo_get_symmetric_key
                0x000005d4       0x84 ./USER/broadkey_no_enroll/src/broadkey_demo_app.o
 .text.demo_get_private_key
                0x00000658       0x94 ./USER/broadkey_no_enroll/src/broadkey_demo_app.o
 .text.demo_wrap_and_unwrap
                0x000006ec      0x17c ./USER/broadkey_no_enroll/src/broadkey_demo_app.o
 .text.demo_derive_public_key_from_private_key
                0x00000868      0x120 ./USER/broadkey_no_enroll/src/broadkey_demo_app.o
 .text.demo_create_private_and_public_key_codes
                0x00000988      0x100 ./USER/broadkey_no_enroll/src/broadkey_demo_app.o
 .text.demo_import_and_export_public_key
                0x00000a88      0x184 ./USER/broadkey_no_enroll/src/broadkey_demo_app.o
 .text.demo_ecdsa_sign_and_verify
                0x00000c0c      0x128 ./USER/broadkey_no_enroll/src/broadkey_demo_app.o
 .text.demo_ecdh_shared_secret
                0x00000d34       0x90 ./USER/broadkey_no_enroll/src/broadkey_demo_app.o
 .text.demo_generate_and_process_cryptogram
                0x00000dc4      0x384 ./USER/broadkey_no_enroll/src/broadkey_demo_app.o
 .text.print_string
                0x00001148       0x34 ./USER/broadkey_no_enroll/src/iid_print.o
                0x00001148                print_string
 .text.print_hexbyte
                0x0000117c       0x64 ./USER/broadkey_no_enroll/src/iid_print.o
                0x0000117c                print_hexbyte
 .text.print_hexword
                0x000011e0       0x40 ./USER/broadkey_no_enroll/src/iid_print.o
                0x000011e0                print_hexword
 .text.print_num
                0x00001220       0x38 ./USER/broadkey_no_enroll/src/iid_print.o
                0x00001220                print_num
 .text.print_error
                0x00001258       0x3c ./USER/broadkey_no_enroll/src/iid_print.o
                0x00001258                print_error
 .text.stringlen
                0x00001294       0x30 ./USER/broadkey_no_enroll/src/iid_print.o
 .text.reverse  0x000012c4       0x5c ./USER/broadkey_no_enroll/src/iid_print.o
 .text.itoa     0x00001320       0x90 ./USER/broadkey_no_enroll/src/iid_print.o
 .text.iid_usart_setup
                0x000013b0       0x40 ./USER/broadkey_no_enroll/src/iid_usart.o
                0x000013b0                iid_usart_setup
 .text.iid_usart_write
                0x000013f0       0x48 ./USER/broadkey_no_enroll/src/iid_usart.o
                0x000013f0                iid_usart_write
 .text.iid_usart_read
                0x00001438       0x34 ./USER/broadkey_no_enroll/src/iid_usart.o
                0x00001438                iid_usart_read
 .text.NMI_Handler
                0x0000146c        0xc ./USER/gw1ns2c_it.o
                0x0000146c                NMI_Handler
 .text.HardFault_Handler
                0x00001478        0x8 ./USER/gw1ns2c_it.o
                0x00001478                HardFault_Handler
 .text.MemManage_Handler
                0x00001480        0x8 ./USER/gw1ns2c_it.o
                0x00001480                MemManage_Handler
 .text.BusFault_Handler
                0x00001488        0x8 ./USER/gw1ns2c_it.o
                0x00001488                BusFault_Handler
 .text.UsageFault_Handler
                0x00001490        0x8 ./USER/gw1ns2c_it.o
                0x00001490                UsageFault_Handler
 .text.SVC_Handler
                0x00001498        0xc ./USER/gw1ns2c_it.o
                0x00001498                SVC_Handler
 .text.DebugMon_Handler
                0x000014a4        0xc ./USER/gw1ns2c_it.o
                0x000014a4                DebugMon_Handler
 .text.PendSV_Handler
                0x000014b0        0xc ./USER/gw1ns2c_it.o
                0x000014b0                PendSV_Handler
 .text.SysTick_Handler
                0x000014bc        0xc ./USER/gw1ns2c_it.o
                0x000014bc                SysTick_Handler
 .text.USER_INT0_Handler
                0x000014c8        0xc ./USER/gw1ns2c_it.o
                0x000014c8                USER_INT0_Handler
 .text.USER_INT1_Handler
                0x000014d4        0xc ./USER/gw1ns2c_it.o
                0x000014d4                USER_INT1_Handler
 .text.UART0_Handler
                0x000014e0        0xc ./USER/gw1ns2c_it.o
                0x000014e0                UART0_Handler
 .text.UART1_Handler
                0x000014ec        0xc ./USER/gw1ns2c_it.o
                0x000014ec                UART1_Handler
 .text.TIMER1_Handler
                0x000014f8        0xc ./USER/gw1ns2c_it.o
                0x000014f8                TIMER1_Handler
 .text.led_init
                0x00001504       0x1c ./USER/led.o
                0x00001504                led_init
 .text.printf_str
                0x00001520       0x1c ./USER/main.o
 .text.sw_edition_print
                0x0000153c       0x28 ./USER/main.o
 .text.hex2char
                0x00001564       0x2c ./USER/main.o
                0x00001564                hex2char
 .text.print_byte
                0x00001590       0x50 ./USER/main.o
                0x00001590                print_byte
 .text.endian_big_little_u32
                0x000015e0       0x44 ./USER/main.o
                0x000015e0                endian_big_little_u32
 .text.endian_big_little_u32_array
                0x00001624       0x2c ./USER/main.o
                0x00001624                endian_big_little_u32_array
 .text.UartInit
                0x00001650       0x3c ./USER/main.o
                0x00001650                UartInit
 .text.Delay_ms
                0x0000168c       0x2c ./USER/main.o
                0x0000168c                Delay_ms
 .text.ReadFlashDetain
                0x000016b8       0x3c ./USER/main.o
                0x000016b8                ReadFlashDetain
 .text.main     0x000016f4       0xfc ./USER/main.o
                0x000016f4                main
 .text.SystemInit
                0x000017f0       0x40 ./SYSTEM/system_gw1ns2c.o
                0x000017f0                SystemInit
 .text          0x00001830       0x98 ./STARTUP/startup_gw1ns2c.o
                0x00001830                Reset_Handler
                0x0000188c                Spare1_Handler
                0x00001890                Spare3_Handler
                0x00001892                Spare4_Handler
                0x00001894                PORT0_COMB_Handler
                0x00001896                Spare7_Handler
                0x00001898                TIMER0_Handler
                0x0000189c                Spare11_Handler
                0x0000189e                UARTOVF_Handler
                0x000018a4                Spare15_Handler
                0x000018a6                PORT0_0_Handler
                0x000018a8                PORT0_1_Handler
                0x000018aa                PORT0_2_Handler
                0x000018ac                PORT0_3_Handler
                0x000018ae                PORT0_4_Handler
                0x000018b0                PORT0_5_Handler
                0x000018b2                PORT0_6_Handler
                0x000018b4                PORT0_7_Handler
                0x000018b6                PORT0_8_Handler
                0x000018b8                PORT0_9_Handler
                0x000018ba                PORT0_10_Handler
                0x000018bc                PORT0_11_Handler
                0x000018be                PORT0_12_Handler
                0x000018c0                PORT0_13_Handler
                0x000018c2                PORT0_14_Handler
                0x000018c4                PORT0_15_Handler
 .text.GPIO_SetBit
                0x000018c8       0x20 ./PERIPHER/Sources/gw1ns2c_gpio.o
                0x000018c8                GPIO_SetBit
 .text.UART_Init
                0x000018e8       0xd8 ./PERIPHER/Sources/gw1ns2c_uart.o
                0x000018e8                UART_Init
 .text.UART_SendChar
                0x000019c0       0x2c ./PERIPHER/Sources/gw1ns2c_uart.o
                0x000019c0                UART_SendChar
 .text.UART_SendString
                0x000019ec       0x3c ./PERIPHER/Sources/gw1ns2c_uart.o
                0x000019ec                UART_SendString
 .text.UART_ReceiveChar
                0x00001a28       0x28 ./PERIPHER/Sources/gw1ns2c_uart.o
                0x00001a28                UART_ReceiveChar
 .text.g80968244
                0x00001a50       0x18 C:\broadkey_demo\broadkey_no_enroll\broadkey_no_enroll\USER\broadkey_no_enroll\lib\libiidbroadkey_pro_256_noenroll_m3.a(iidbroadkey_merged.c.obj)
 *fill*         0x00001a68        0x8 
 .text.g1154373
                0x00001a70       0x5c C:\broadkey_demo\broadkey_no_enroll\broadkey_no_enroll\USER\broadkey_no_enroll\lib\libiidbroadkey_pro_256_noenroll_m3.a(iidbroadkey_merged.c.obj)
 *fill*         0x00001acc        0x4 
 .text.g3991162
                0x00001ad0       0x60 C:\broadkey_demo\broadkey_no_enroll\broadkey_no_enroll\USER\broadkey_no_enroll\lib\libiidbroadkey_pro_256_noenroll_m3.a(iidbroadkey_merged.c.obj)
 .text.g99999601
                0x00001b30       0x88 C:\broadkey_demo\broadkey_no_enroll\broadkey_no_enroll\USER\broadkey_no_enroll\lib\libiidbroadkey_pro_256_noenroll_m3.a(iidbroadkey_merged.c.obj)
 .text.g1961927
                0x00001bb8       0x16 C:\broadkey_demo\broadkey_no_enroll\broadkey_no_enroll\USER\broadkey_no_enroll\lib\libiidbroadkey_pro_256_noenroll_m3.a(iidbroadkey_merged.c.obj)
 .text.g70669716
                0x00001bce       0x1e C:\broadkey_demo\broadkey_no_enroll\broadkey_no_enroll\USER\broadkey_no_enroll\lib\libiidbroadkey_pro_256_noenroll_m3.a(iidbroadkey_merged.c.obj)
 .text.g20584942
                0x00001bec       0x14 C:\broadkey_demo\broadkey_no_enroll\broadkey_no_enroll\USER\broadkey_no_enroll\lib\libiidbroadkey_pro_256_noenroll_m3.a(iidbroadkey_merged.c.obj)
 .text.g22230596
                0x00001c00       0x3a C:\broadkey_demo\broadkey_no_enroll\broadkey_no_enroll\USER\broadkey_no_enroll\lib\libiidbroadkey_pro_256_noenroll_m3.a(iidbroadkey_merged.c.obj)
 .text.g45780009
                0x00001c3a       0x18 C:\broadkey_demo\broadkey_no_enroll\broadkey_no_enroll\USER\broadkey_no_enroll\lib\libiidbroadkey_pro_256_noenroll_m3.a(iidbroadkey_merged.c.obj)
 .text.g37520470
                0x00001c52       0x26 C:\broadkey_demo\broadkey_no_enroll\broadkey_no_enroll\USER\broadkey_no_enroll\lib\libiidbroadkey_pro_256_noenroll_m3.a(iidbroadkey_merged.c.obj)
 .text.g83026838
                0x00001c78       0x32 C:\broadkey_demo\broadkey_no_enroll\broadkey_no_enroll\USER\broadkey_no_enroll\lib\libiidbroadkey_pro_256_noenroll_m3.a(iidbroadkey_merged.c.obj)
 .text.g22630872
                0x00001caa       0x1c C:\broadkey_demo\broadkey_no_enroll\broadkey_no_enroll\USER\broadkey_no_enroll\lib\libiidbroadkey_pro_256_noenroll_m3.a(iidbroadkey_merged.c.obj)
 .text.g23931415
                0x00001cc6       0x32 C:\broadkey_demo\broadkey_no_enroll\broadkey_no_enroll\USER\broadkey_no_enroll\lib\libiidbroadkey_pro_256_noenroll_m3.a(iidbroadkey_merged.c.obj)
 .text.g48129106
                0x00001cf8       0x24 C:\broadkey_demo\broadkey_no_enroll\broadkey_no_enroll\USER\broadkey_no_enroll\lib\libiidbroadkey_pro_256_noenroll_m3.a(iidbroadkey_merged.c.obj)
 .text.g27528946
                0x00001d1c      0x140 C:\broadkey_demo\broadkey_no_enroll\broadkey_no_enroll\USER\broadkey_no_enroll\lib\libiidbroadkey_pro_256_noenroll_m3.a(iidbroadkey_merged.c.obj)
 .text.g91980338
                0x00001e5c       0x20 C:\broadkey_demo\broadkey_no_enroll\broadkey_no_enroll\USER\broadkey_no_enroll\lib\libiidbroadkey_pro_256_noenroll_m3.a(iidbroadkey_merged.c.obj)
 .text.g90013895
                0x00001e7c        0x8 C:\broadkey_demo\broadkey_no_enroll\broadkey_no_enroll\USER\broadkey_no_enroll\lib\libiidbroadkey_pro_256_noenroll_m3.a(iidbroadkey_merged.c.obj)
 .text.g46419125
                0x00001e84       0x7a C:\broadkey_demo\broadkey_no_enroll\broadkey_no_enroll\USER\broadkey_no_enroll\lib\libiidbroadkey_pro_256_noenroll_m3.a(iidbroadkey_merged.c.obj)
 .text.g40394753
                0x00001efe      0x156 C:\broadkey_demo\broadkey_no_enroll\broadkey_no_enroll\USER\broadkey_no_enroll\lib\libiidbroadkey_pro_256_noenroll_m3.a(iidbroadkey_merged.c.obj)
 .text.g62275694
                0x00002054       0x66 C:\broadkey_demo\broadkey_no_enroll\broadkey_no_enroll\USER\broadkey_no_enroll\lib\libiidbroadkey_pro_256_noenroll_m3.a(iidbroadkey_merged.c.obj)
 *fill*         0x000020ba        0x2 
 .text.g85046771
                0x000020bc       0x94 C:\broadkey_demo\broadkey_no_enroll\broadkey_no_enroll\USER\broadkey_no_enroll\lib\libiidbroadkey_pro_256_noenroll_m3.a(iidbroadkey_merged.c.obj)
 .text.g99286528
                0x00002150       0xd8 C:\broadkey_demo\broadkey_no_enroll\broadkey_no_enroll\USER\broadkey_no_enroll\lib\libiidbroadkey_pro_256_noenroll_m3.a(iidbroadkey_merged.c.obj)
 .text.g77815520
                0x00002228      0x1ac C:\broadkey_demo\broadkey_no_enroll\broadkey_no_enroll\USER\broadkey_no_enroll\lib\libiidbroadkey_pro_256_noenroll_m3.a(iidbroadkey_merged.c.obj)
 .text.g47034758
                0x000023d4       0x3e C:\broadkey_demo\broadkey_no_enroll\broadkey_no_enroll\USER\broadkey_no_enroll\lib\libiidbroadkey_pro_256_noenroll_m3.a(iidbroadkey_merged.c.obj)
 .text.g82037706
                0x00002412       0xca C:\broadkey_demo\broadkey_no_enroll\broadkey_no_enroll\USER\broadkey_no_enroll\lib\libiidbroadkey_pro_256_noenroll_m3.a(iidbroadkey_merged.c.obj)
 .text.g91505166
                0x000024dc      0x118 C:\broadkey_demo\broadkey_no_enroll\broadkey_no_enroll\USER\broadkey_no_enroll\lib\libiidbroadkey_pro_256_noenroll_m3.a(iidbroadkey_merged.c.obj)
 .text.g27820193
                0x000025f4       0x28 C:\broadkey_demo\broadkey_no_enroll\broadkey_no_enroll\USER\broadkey_no_enroll\lib\libiidbroadkey_pro_256_noenroll_m3.a(iidbroadkey_merged.c.obj)
 .text.g81740111
                0x0000261c       0x40 C:\broadkey_demo\broadkey_no_enroll\broadkey_no_enroll\USER\broadkey_no_enroll\lib\libiidbroadkey_pro_256_noenroll_m3.a(iidbroadkey_merged.c.obj)
 .text.g20371422
                0x0000265c       0x66 C:\broadkey_demo\broadkey_no_enroll\broadkey_no_enroll\USER\broadkey_no_enroll\lib\libiidbroadkey_pro_256_noenroll_m3.a(iidbroadkey_merged.c.obj)
 .text.g34889205
                0x000026c2       0x8a C:\broadkey_demo\broadkey_no_enroll\broadkey_no_enroll\USER\broadkey_no_enroll\lib\libiidbroadkey_pro_256_noenroll_m3.a(iidbroadkey_merged.c.obj)
 .text.g48810891
                0x0000274c       0x46 C:\broadkey_demo\broadkey_no_enroll\broadkey_no_enroll\USER\broadkey_no_enroll\lib\libiidbroadkey_pro_256_noenroll_m3.a(iidbroadkey_merged.c.obj)
 .text.g84132176
                0x00002792        0x4 C:\broadkey_demo\broadkey_no_enroll\broadkey_no_enroll\USER\broadkey_no_enroll\lib\libiidbroadkey_pro_256_noenroll_m3.a(iidbroadkey_merged.c.obj)
 .text.g23474200
                0x00002796       0x62 C:\broadkey_demo\broadkey_no_enroll\broadkey_no_enroll\USER\broadkey_no_enroll\lib\libiidbroadkey_pro_256_noenroll_m3.a(iidbroadkey_merged.c.obj)
 .text.g21084027
                0x000027f8       0x24 C:\broadkey_demo\broadkey_no_enroll\broadkey_no_enroll\USER\broadkey_no_enroll\lib\libiidbroadkey_pro_256_noenroll_m3.a(iidbroadkey_merged.c.obj)
 .text.g35901407
                0x0000281c       0x56 C:\broadkey_demo\broadkey_no_enroll\broadkey_no_enroll\USER\broadkey_no_enroll\lib\libiidbroadkey_pro_256_noenroll_m3.a(iidbroadkey_merged.c.obj)
 .text.g73851895
                0x00002872       0x10 C:\broadkey_demo\broadkey_no_enroll\broadkey_no_enroll\USER\broadkey_no_enroll\lib\libiidbroadkey_pro_256_noenroll_m3.a(iidbroadkey_merged.c.obj)
 .text.g17981737
                0x00002882       0x34 C:\broadkey_demo\broadkey_no_enroll\broadkey_no_enroll\USER\broadkey_no_enroll\lib\libiidbroadkey_pro_256_noenroll_m3.a(iidbroadkey_merged.c.obj)
 .text.g61509644
                0x000028b6       0x16 C:\broadkey_demo\broadkey_no_enroll\broadkey_no_enroll\USER\broadkey_no_enroll\lib\libiidbroadkey_pro_256_noenroll_m3.a(iidbroadkey_merged.c.obj)
 .text.g99590937
                0x000028cc       0x16 C:\broadkey_demo\broadkey_no_enroll\broadkey_no_enroll\USER\broadkey_no_enroll\lib\libiidbroadkey_pro_256_noenroll_m3.a(iidbroadkey_merged.c.obj)
 *fill*         0x000028e2        0x2 
 .text.g85953055
                0x000028e4      0x14c C:\broadkey_demo\broadkey_no_enroll\broadkey_no_enroll\USER\broadkey_no_enroll\lib\libiidbroadkey_pro_256_noenroll_m3.a(iidbroadkey_merged.c.obj)
 .text.g88125843
                0x00002a30       0x74 C:\broadkey_demo\broadkey_no_enroll\broadkey_no_enroll\USER\broadkey_no_enroll\lib\libiidbroadkey_pro_256_noenroll_m3.a(iidbroadkey_merged.c.obj)
 .text.g81723396
                0x00002aa4       0xa4 C:\broadkey_demo\broadkey_no_enroll\broadkey_no_enroll\USER\broadkey_no_enroll\lib\libiidbroadkey_pro_256_noenroll_m3.a(iidbroadkey_merged.c.obj)
 .text.g17677319
                0x00002b48       0x30 C:\broadkey_demo\broadkey_no_enroll\broadkey_no_enroll\USER\broadkey_no_enroll\lib\libiidbroadkey_pro_256_noenroll_m3.a(iidbroadkey_merged.c.obj)
 .text.g63565160
                0x00002b78       0xec C:\broadkey_demo\broadkey_no_enroll\broadkey_no_enroll\USER\broadkey_no_enroll\lib\libiidbroadkey_pro_256_noenroll_m3.a(iidbroadkey_merged.c.obj)
 .text.g75692764
                0x00002c64       0x62 C:\broadkey_demo\broadkey_no_enroll\broadkey_no_enroll\USER\broadkey_no_enroll\lib\libiidbroadkey_pro_256_noenroll_m3.a(iidbroadkey_merged.c.obj)
 *fill*         0x00002cc6        0x2 
 .text.g90955889
                0x00002cc8      0x10c C:\broadkey_demo\broadkey_no_enroll\broadkey_no_enroll\USER\broadkey_no_enroll\lib\libiidbroadkey_pro_256_noenroll_m3.a(iidbroadkey_merged.c.obj)
 .text.g22698287
                0x00002dd4       0x1a C:\broadkey_demo\broadkey_no_enroll\broadkey_no_enroll\USER\broadkey_no_enroll\lib\libiidbroadkey_pro_256_noenroll_m3.a(iidbroadkey_merged.c.obj)
 .text.g90441640
                0x00002dee       0x44 C:\broadkey_demo\broadkey_no_enroll\broadkey_no_enroll\USER\broadkey_no_enroll\lib\libiidbroadkey_pro_256_noenroll_m3.a(iidbroadkey_merged.c.obj)
 .text.g52228050
                0x00002e32       0x38 C:\broadkey_demo\broadkey_no_enroll\broadkey_no_enroll\USER\broadkey_no_enroll\lib\libiidbroadkey_pro_256_noenroll_m3.a(iidbroadkey_merged.c.obj)
 .text.g38792286
                0x00002e6a      0x10c C:\broadkey_demo\broadkey_no_enroll\broadkey_no_enroll\USER\broadkey_no_enroll\lib\libiidbroadkey_pro_256_noenroll_m3.a(iidbroadkey_merged.c.obj)
 *fill*         0x00002f76        0x2 
 .text.g91743471.constprop.10
                0x00002f78       0x30 C:\broadkey_demo\broadkey_no_enroll\broadkey_no_enroll\USER\broadkey_no_enroll\lib\libiidbroadkey_pro_256_noenroll_m3.a(iidbroadkey_merged.c.obj)
 .text.g47599220.constprop.13
                0x00002fa8       0x76 C:\broadkey_demo\broadkey_no_enroll\broadkey_no_enroll\USER\broadkey_no_enroll\lib\libiidbroadkey_pro_256_noenroll_m3.a(iidbroadkey_merged.c.obj)
 .text.g33781322.constprop.12
                0x0000301e       0x8c C:\broadkey_demo\broadkey_no_enroll\broadkey_no_enroll\USER\broadkey_no_enroll\lib\libiidbroadkey_pro_256_noenroll_m3.a(iidbroadkey_merged.c.obj)
 .text.unlikely.g95096613.constprop.11
                0x000030aa       0x8c C:\broadkey_demo\broadkey_no_enroll\broadkey_no_enroll\USER\broadkey_no_enroll\lib\libiidbroadkey_pro_256_noenroll_m3.a(iidbroadkey_merged.c.obj)
 .text.g79947041.constprop.16
                0x00003136       0xd6 C:\broadkey_demo\broadkey_no_enroll\broadkey_no_enroll\USER\broadkey_no_enroll\lib\libiidbroadkey_pro_256_noenroll_m3.a(iidbroadkey_merged.c.obj)
 .text.g72479390.constprop.23
                0x0000320c       0x56 C:\broadkey_demo\broadkey_no_enroll\broadkey_no_enroll\USER\broadkey_no_enroll\lib\libiidbroadkey_pro_256_noenroll_m3.a(iidbroadkey_merged.c.obj)
 .text.g41355139
                0x00003262       0x38 C:\broadkey_demo\broadkey_no_enroll\broadkey_no_enroll\USER\broadkey_no_enroll\lib\libiidbroadkey_pro_256_noenroll_m3.a(iidbroadkey_merged.c.obj)
 .text.g53937178.constprop.24
                0x0000329a       0x5c C:\broadkey_demo\broadkey_no_enroll\broadkey_no_enroll\USER\broadkey_no_enroll\lib\libiidbroadkey_pro_256_noenroll_m3.a(iidbroadkey_merged.c.obj)
 .text.g95718639
                0x000032f6       0x5c C:\broadkey_demo\broadkey_no_enroll\broadkey_no_enroll\USER\broadkey_no_enroll\lib\libiidbroadkey_pro_256_noenroll_m3.a(iidbroadkey_merged.c.obj)
 *fill*         0x00003352        0x2 
 .text.g79364963.constprop.27
                0x00003354       0x3c C:\broadkey_demo\broadkey_no_enroll\broadkey_no_enroll\USER\broadkey_no_enroll\lib\libiidbroadkey_pro_256_noenroll_m3.a(iidbroadkey_merged.c.obj)
 .text.g73559242.constprop.29
                0x00003390       0x12 C:\broadkey_demo\broadkey_no_enroll\broadkey_no_enroll\USER\broadkey_no_enroll\lib\libiidbroadkey_pro_256_noenroll_m3.a(iidbroadkey_merged.c.obj)
 .text.g66622375
                0x000033a2      0x1ac C:\broadkey_demo\broadkey_no_enroll\broadkey_no_enroll\USER\broadkey_no_enroll\lib\libiidbroadkey_pro_256_noenroll_m3.a(iidbroadkey_merged.c.obj)
 *fill*         0x0000354e        0x2 
 .text.g85151213
                0x00003550       0x64 C:\broadkey_demo\broadkey_no_enroll\broadkey_no_enroll\USER\broadkey_no_enroll\lib\libiidbroadkey_pro_256_noenroll_m3.a(iidbroadkey_merged.c.obj)
 .text.g46780599
                0x000035b4      0x1d8 C:\broadkey_demo\broadkey_no_enroll\broadkey_no_enroll\USER\broadkey_no_enroll\lib\libiidbroadkey_pro_256_noenroll_m3.a(iidbroadkey_merged.c.obj)
 .text.g88629870
                0x0000378c       0x12 C:\broadkey_demo\broadkey_no_enroll\broadkey_no_enroll\USER\broadkey_no_enroll\lib\libiidbroadkey_pro_256_noenroll_m3.a(iidbroadkey_merged.c.obj)
 .text.g66678147
                0x0000379e       0x10 C:\broadkey_demo\broadkey_no_enroll\broadkey_no_enroll\USER\broadkey_no_enroll\lib\libiidbroadkey_pro_256_noenroll_m3.a(iidbroadkey_merged.c.obj)
 .text.g15735182
                0x000037ae       0x18 C:\broadkey_demo\broadkey_no_enroll\broadkey_no_enroll\USER\broadkey_no_enroll\lib\libiidbroadkey_pro_256_noenroll_m3.a(iidbroadkey_merged.c.obj)
 .text.g48861220
                0x000037c6       0xde C:\broadkey_demo\broadkey_no_enroll\broadkey_no_enroll\USER\broadkey_no_enroll\lib\libiidbroadkey_pro_256_noenroll_m3.a(iidbroadkey_merged.c.obj)
 .text.g13970009
                0x000038a4       0x50 C:\broadkey_demo\broadkey_no_enroll\broadkey_no_enroll\USER\broadkey_no_enroll\lib\libiidbroadkey_pro_256_noenroll_m3.a(iidbroadkey_merged.c.obj)
 .text.g63049684.constprop.21
                0x000038f4       0xe0 C:\broadkey_demo\broadkey_no_enroll\broadkey_no_enroll\USER\broadkey_no_enroll\lib\libiidbroadkey_pro_256_noenroll_m3.a(iidbroadkey_merged.c.obj)
 .text.g85217758
                0x000039d4       0x3c C:\broadkey_demo\broadkey_no_enroll\broadkey_no_enroll\USER\broadkey_no_enroll\lib\libiidbroadkey_pro_256_noenroll_m3.a(iidbroadkey_merged.c.obj)
 .text.g48383326
                0x00003a10      0x160 C:\broadkey_demo\broadkey_no_enroll\broadkey_no_enroll\USER\broadkey_no_enroll\lib\libiidbroadkey_pro_256_noenroll_m3.a(iidbroadkey_merged.c.obj)
 .text.g23847031
                0x00003b70       0x14 C:\broadkey_demo\broadkey_no_enroll\broadkey_no_enroll\USER\broadkey_no_enroll\lib\libiidbroadkey_pro_256_noenroll_m3.a(iidbroadkey_merged.c.obj)
 .text.g92648846
                0x00003b84       0xd8 C:\broadkey_demo\broadkey_no_enroll\broadkey_no_enroll\USER\broadkey_no_enroll\lib\libiidbroadkey_pro_256_noenroll_m3.a(iidbroadkey_merged.c.obj)
 .text.g69295847.constprop.28
                0x00003c5c       0x5e C:\broadkey_demo\broadkey_no_enroll\broadkey_no_enroll\USER\broadkey_no_enroll\lib\libiidbroadkey_pro_256_noenroll_m3.a(iidbroadkey_merged.c.obj)
 .text.unlikely.g45028533
                0x00003cba       0x3a C:\broadkey_demo\broadkey_no_enroll\broadkey_no_enroll\USER\broadkey_no_enroll\lib\libiidbroadkey_pro_256_noenroll_m3.a(iidbroadkey_merged.c.obj)
 .text.g94815430
                0x00003cf4      0x1a8 C:\broadkey_demo\broadkey_no_enroll\broadkey_no_enroll\USER\broadkey_no_enroll\lib\libiidbroadkey_pro_256_noenroll_m3.a(iidbroadkey_merged.c.obj)
 .text.g25912794.part.5
                0x00003e9c       0x52 C:\broadkey_demo\broadkey_no_enroll\broadkey_no_enroll\USER\broadkey_no_enroll\lib\libiidbroadkey_pro_256_noenroll_m3.a(iidbroadkey_merged.c.obj)
 *fill*         0x00003eee        0x2 
 .text.g81219700
                0x00003ef0      0x1cc C:\broadkey_demo\broadkey_no_enroll\broadkey_no_enroll\USER\broadkey_no_enroll\lib\libiidbroadkey_pro_256_noenroll_m3.a(iidbroadkey_merged.c.obj)
 .text.g64888979
                0x000040bc       0x50 C:\broadkey_demo\broadkey_no_enroll\broadkey_no_enroll\USER\broadkey_no_enroll\lib\libiidbroadkey_pro_256_noenroll_m3.a(iidbroadkey_merged.c.obj)
 .text.g41109727
                0x0000410c      0x2a8 C:\broadkey_demo\broadkey_no_enroll\broadkey_no_enroll\USER\broadkey_no_enroll\lib\libiidbroadkey_pro_256_noenroll_m3.a(iidbroadkey_merged.c.obj)
 .text.g50566111
                0x000043b4       0x86 C:\broadkey_demo\broadkey_no_enroll\broadkey_no_enroll\USER\broadkey_no_enroll\lib\libiidbroadkey_pro_256_noenroll_m3.a(iidbroadkey_merged.c.obj)
 .text.g58085229
                0x0000443a      0x22c C:\broadkey_demo\broadkey_no_enroll\broadkey_no_enroll\USER\broadkey_no_enroll\lib\libiidbroadkey_pro_256_noenroll_m3.a(iidbroadkey_merged.c.obj)
 .text.g86809431
                0x00004666       0x66 C:\broadkey_demo\broadkey_no_enroll\broadkey_no_enroll\USER\broadkey_no_enroll\lib\libiidbroadkey_pro_256_noenroll_m3.a(iidbroadkey_merged.c.obj)
 .text.g84620930
                0x000046cc      0x116 C:\broadkey_demo\broadkey_no_enroll\broadkey_no_enroll\USER\broadkey_no_enroll\lib\libiidbroadkey_pro_256_noenroll_m3.a(iidbroadkey_merged.c.obj)
 .text.unlikely.g17984362
                0x000047e2       0x82 C:\broadkey_demo\broadkey_no_enroll\broadkey_no_enroll\USER\broadkey_no_enroll\lib\libiidbroadkey_pro_256_noenroll_m3.a(iidbroadkey_merged.c.obj)
 .text.bk_get_product_info
                0x00004864       0x28 C:\broadkey_demo\broadkey_no_enroll\broadkey_no_enroll\USER\broadkey_no_enroll\lib\libiidbroadkey_pro_256_noenroll_m3.a(iidbroadkey_merged.c.obj)
                0x00004864                bk_get_product_info
 .text.bk_init  0x0000488c      0x168 C:\broadkey_demo\broadkey_no_enroll\broadkey_no_enroll\USER\broadkey_no_enroll\lib\libiidbroadkey_pro_256_noenroll_m3.a(iidbroadkey_merged.c.obj)
                0x0000488c                bk_init
 .text.bk_start
                0x000049f4      0x424 C:\broadkey_demo\broadkey_no_enroll\broadkey_no_enroll\USER\broadkey_no_enroll\lib\libiidbroadkey_pro_256_noenroll_m3.a(iidbroadkey_merged.c.obj)
                0x000049f4                bk_start
 .text.bk_get_key
                0x00004e18       0xac C:\broadkey_demo\broadkey_no_enroll\broadkey_no_enroll\USER\broadkey_no_enroll\lib\libiidbroadkey_pro_256_noenroll_m3.a(iidbroadkey_merged.c.obj)
                0x00004e18                bk_get_key
 .text.bk_generate_random
                0x00004ec4       0x3c C:\broadkey_demo\broadkey_no_enroll\broadkey_no_enroll\USER\broadkey_no_enroll\lib\libiidbroadkey_pro_256_noenroll_m3.a(iidbroadkey_merged.c.obj)
                0x00004ec4                bk_generate_random
 .text.bk_get_private_key
                0x00004f00       0x6c C:\broadkey_demo\broadkey_no_enroll\broadkey_no_enroll\USER\broadkey_no_enroll\lib\libiidbroadkey_pro_256_noenroll_m3.a(iidbroadkey_merged.c.obj)
                0x00004f00                bk_get_private_key
 .text.bk_wrap  0x00004f6c       0x52 C:\broadkey_demo\broadkey_no_enroll\broadkey_no_enroll\USER\broadkey_no_enroll\lib\libiidbroadkey_pro_256_noenroll_m3.a(iidbroadkey_merged.c.obj)
                0x00004f6c                bk_wrap
 .text.bk_unwrap
                0x00004fbe       0x50 C:\broadkey_demo\broadkey_no_enroll\broadkey_no_enroll\USER\broadkey_no_enroll\lib\libiidbroadkey_pro_256_noenroll_m3.a(iidbroadkey_merged.c.obj)
                0x00004fbe                bk_unwrap
 *fill*         0x0000500e        0x2 
 .text.bk_derive_public_key
                0x00005010       0x60 C:\broadkey_demo\broadkey_no_enroll\broadkey_no_enroll\USER\broadkey_no_enroll\lib\libiidbroadkey_pro_256_noenroll_m3.a(iidbroadkey_merged.c.obj)
                0x00005010                bk_derive_public_key
 .text.bk_create_private_key
                0x00005070      0x134 C:\broadkey_demo\broadkey_no_enroll\broadkey_no_enroll\USER\broadkey_no_enroll\lib\libiidbroadkey_pro_256_noenroll_m3.a(iidbroadkey_merged.c.obj)
                0x00005070                bk_create_private_key
 .text.bk_compute_public_from_private_key
                0x000051a4       0x5c C:\broadkey_demo\broadkey_no_enroll\broadkey_no_enroll\USER\broadkey_no_enroll\lib\libiidbroadkey_pro_256_noenroll_m3.a(iidbroadkey_merged.c.obj)
                0x000051a4                bk_compute_public_from_private_key
 .text.bk_import_public_key
                0x00005200       0xac C:\broadkey_demo\broadkey_no_enroll\broadkey_no_enroll\USER\broadkey_no_enroll\lib\libiidbroadkey_pro_256_noenroll_m3.a(iidbroadkey_merged.c.obj)
                0x00005200                bk_import_public_key
 .text.bk_export_public_key
                0x000052ac       0x80 C:\broadkey_demo\broadkey_no_enroll\broadkey_no_enroll\USER\broadkey_no_enroll\lib\libiidbroadkey_pro_256_noenroll_m3.a(iidbroadkey_merged.c.obj)
                0x000052ac                bk_export_public_key
 .text.bk_ecdsa_sign
                0x0000532c      0x2b0 C:\broadkey_demo\broadkey_no_enroll\broadkey_no_enroll\USER\broadkey_no_enroll\lib\libiidbroadkey_pro_256_noenroll_m3.a(iidbroadkey_merged.c.obj)
                0x0000532c                bk_ecdsa_sign
 .text.bk_ecdsa_verify
                0x000055dc      0x38e C:\broadkey_demo\broadkey_no_enroll\broadkey_no_enroll\USER\broadkey_no_enroll\lib\libiidbroadkey_pro_256_noenroll_m3.a(iidbroadkey_merged.c.obj)
                0x000055dc                bk_ecdsa_verify
 .text.bk_ecdh_shared_secret
                0x0000596a       0x82 C:\broadkey_demo\broadkey_no_enroll\broadkey_no_enroll\USER\broadkey_no_enroll\lib\libiidbroadkey_pro_256_noenroll_m3.a(iidbroadkey_merged.c.obj)
                0x0000596a                bk_ecdh_shared_secret
 .text.bk_generate_cryptogram
                0x000059ec      0x2da C:\broadkey_demo\broadkey_no_enroll\broadkey_no_enroll\USER\broadkey_no_enroll\lib\libiidbroadkey_pro_256_noenroll_m3.a(iidbroadkey_merged.c.obj)
                0x000059ec                bk_generate_cryptogram
 .text.bk_process_cryptogram
                0x00005cc6      0x328 C:\broadkey_demo\broadkey_no_enroll\broadkey_no_enroll\USER\broadkey_no_enroll\lib\libiidbroadkey_pro_256_noenroll_m3.a(iidbroadkey_merged.c.obj)
                0x00005cc6                bk_process_cryptogram
 *fill*         0x00005fee        0x2 
 .text.bk_get_public_key_from_cryptogram
                0x00005ff0       0x7c C:\broadkey_demo\broadkey_no_enroll\broadkey_no_enroll\USER\broadkey_no_enroll\lib\libiidbroadkey_pro_256_noenroll_m3.a(iidbroadkey_merged.c.obj)
                0x00005ff0                bk_get_public_key_from_cryptogram
 .text.exit     0x0000606c       0x20 c:/users/liang/downloads/gowin prokect/gowin prokect/eclipse_tools_181108a/eclipse_tools/tools/gnu tools arm embedded/5.4 2016q2/bin/../lib/gcc/arm-none-eabi/5.4.1/../../../../arm-none-eabi/lib/armv7-m\libg.a(lib_a-exit.o)
                0x0000606c                exit
 .text          0x0000608c       0xec c:/users/liang/downloads/gowin prokect/gowin prokect/eclipse_tools_181108a/eclipse_tools/tools/gnu tools arm embedded/5.4 2016q2/bin/../lib/gcc/arm-none-eabi/5.4.1/../../../../arm-none-eabi/lib/armv7-m\libg.a(lib_a-memcpy.o)
                0x0000608c                memcpy
 .text.memset   0x00006178       0x9c c:/users/liang/downloads/gowin prokect/gowin prokect/eclipse_tools_181108a/eclipse_tools/tools/gnu tools arm embedded/5.4 2016q2/bin/../lib/gcc/arm-none-eabi/5.4.1/../../../../arm-none-eabi/lib/armv7-m\libg.a(lib_a-memset.o)
                0x00006178                memset
 .text.__call_exitprocs
                0x00006214       0xd8 c:/users/liang/downloads/gowin prokect/gowin prokect/eclipse_tools_181108a/eclipse_tools/tools/gnu tools arm embedded/5.4 2016q2/bin/../lib/gcc/arm-none-eabi/5.4.1/../../../../arm-none-eabi/lib/armv7-m\libg.a(lib_a-__call_atexit.o)
                0x00006214                __call_exitprocs
 .text._exit    0x000062ec        0x4 c:/users/liang/downloads/gowin prokect/gowin prokect/eclipse_tools_181108a/eclipse_tools/tools/gnu tools arm embedded/5.4 2016q2/bin/../lib/gcc/arm-none-eabi/5.4.1/../../../../arm-none-eabi/lib/armv7-m\libnosys.a(_exit.o)
                0x000062ec                _exit
 *(.init)
 .init          0x000062f0        0x4 c:/users/liang/downloads/gowin prokect/gowin prokect/eclipse_tools_181108a/eclipse_tools/tools/gnu tools arm embedded/5.4 2016q2/bin/../lib/gcc/arm-none-eabi/5.4.1/armv7-m/crti.o
                0x000062f0                _init
 *(.fini)
 .fini          0x000062f4        0x4 c:/users/liang/downloads/gowin prokect/gowin prokect/eclipse_tools_181108a/eclipse_tools/tools/gnu tools arm embedded/5.4 2016q2/bin/../lib/gcc/arm-none-eabi/5.4.1/armv7-m/crti.o
                0x000062f4                _fini
 *crtbegin.o(.ctors)
 *crtbegin?.o(.ctors)
 *(EXCLUDE_FILE(*crtend.o *crtend?.o) .ctors)
 *(SORT(.ctors.*))
 *(.ctors)
 *crtbegin.o(.dtors)
 *crtbegin?.o(.dtors)
 *(EXCLUDE_FILE(*crtend.o *crtend?.o) .dtors)
 *(SORT(.dtors.*))
 *(.dtors)
 *(.rodata*)
 .rodata        0x000062f8      0xb74 ./USER/broadkey_no_enroll/src/broadkey_demo_app.o
 .rodata        0x00006e6c       0x37 ./USER/broadkey_no_enroll/src/iid_print.o
 *fill*         0x00006ea3        0x1 
 .rodata        0x00006ea4      0x180 ./USER/main.o
 .rodata.g13212466
                0x00007024       0x19 C:\broadkey_demo\broadkey_no_enroll\broadkey_no_enroll\USER\broadkey_no_enroll\lib\libiidbroadkey_pro_256_noenroll_m3.a(iidbroadkey_merged.c.obj)
 .rodata.g15252141
                0x0000703d       0x1c C:\broadkey_demo\broadkey_no_enroll\broadkey_no_enroll\USER\broadkey_no_enroll\lib\libiidbroadkey_pro_256_noenroll_m3.a(iidbroadkey_merged.c.obj)
 *fill*         0x00007059        0x3 
 .rodata.g15559882
                0x0000705c       0x10 C:\broadkey_demo\broadkey_no_enroll\broadkey_no_enroll\USER\broadkey_no_enroll\lib\libiidbroadkey_pro_256_noenroll_m3.a(iidbroadkey_merged.c.obj)
 .rodata.g21479205
                0x0000706c        0x4 C:\broadkey_demo\broadkey_no_enroll\broadkey_no_enroll\USER\broadkey_no_enroll\lib\libiidbroadkey_pro_256_noenroll_m3.a(iidbroadkey_merged.c.obj)
 .rodata.g21534651
                0x00007070        0xc C:\broadkey_demo\broadkey_no_enroll\broadkey_no_enroll\USER\broadkey_no_enroll\lib\libiidbroadkey_pro_256_noenroll_m3.a(iidbroadkey_merged.c.obj)
 .rodata.g25732300
                0x0000707c       0xb0 C:\broadkey_demo\broadkey_no_enroll\broadkey_no_enroll\USER\broadkey_no_enroll\lib\libiidbroadkey_pro_256_noenroll_m3.a(iidbroadkey_merged.c.obj)
 .rodata.g26586247
                0x0000712c       0x26 C:\broadkey_demo\broadkey_no_enroll\broadkey_no_enroll\USER\broadkey_no_enroll\lib\libiidbroadkey_pro_256_noenroll_m3.a(iidbroadkey_merged.c.obj)
 .rodata.g26701504
                0x00007152        0x7 C:\broadkey_demo\broadkey_no_enroll\broadkey_no_enroll\USER\broadkey_no_enroll\lib\libiidbroadkey_pro_256_noenroll_m3.a(iidbroadkey_merged.c.obj)
 .rodata.g3189282
                0x00007159       0x11 C:\broadkey_demo\broadkey_no_enroll\broadkey_no_enroll\USER\broadkey_no_enroll\lib\libiidbroadkey_pro_256_noenroll_m3.a(iidbroadkey_merged.c.obj)
 .rodata.g35443046
                0x0000716a       0x1d C:\broadkey_demo\broadkey_no_enroll\broadkey_no_enroll\USER\broadkey_no_enroll\lib\libiidbroadkey_pro_256_noenroll_m3.a(iidbroadkey_merged.c.obj)
 .rodata.g35648307
                0x00007187       0x20 C:\broadkey_demo\broadkey_no_enroll\broadkey_no_enroll\USER\broadkey_no_enroll\lib\libiidbroadkey_pro_256_noenroll_m3.a(iidbroadkey_merged.c.obj)
 *fill*         0x000071a7        0x1 
 .rodata.g35866487
                0x000071a8       0xb0 C:\broadkey_demo\broadkey_no_enroll\broadkey_no_enroll\USER\broadkey_no_enroll\lib\libiidbroadkey_pro_256_noenroll_m3.a(iidbroadkey_merged.c.obj)
 .rodata.g36456423
                0x00007258        0x7 C:\broadkey_demo\broadkey_no_enroll\broadkey_no_enroll\USER\broadkey_no_enroll\lib\libiidbroadkey_pro_256_noenroll_m3.a(iidbroadkey_merged.c.obj)
 *fill*         0x0000725f        0x1 
 .rodata.g42550347
                0x00007260        0xc C:\broadkey_demo\broadkey_no_enroll\broadkey_no_enroll\USER\broadkey_no_enroll\lib\libiidbroadkey_pro_256_noenroll_m3.a(iidbroadkey_merged.c.obj)
 .rodata.g48196175
                0x0000726c       0xb0 C:\broadkey_demo\broadkey_no_enroll\broadkey_no_enroll\USER\broadkey_no_enroll\lib\libiidbroadkey_pro_256_noenroll_m3.a(iidbroadkey_merged.c.obj)
 .rodata.g48521925
                0x0000731c       0xc0 C:\broadkey_demo\broadkey_no_enroll\broadkey_no_enroll\USER\broadkey_no_enroll\lib\libiidbroadkey_pro_256_noenroll_m3.a(iidbroadkey_merged.c.obj)
 .rodata.g52285170
                0x000073dc       0x20 C:\broadkey_demo\broadkey_no_enroll\broadkey_no_enroll\USER\broadkey_no_enroll\lib\libiidbroadkey_pro_256_noenroll_m3.a(iidbroadkey_merged.c.obj)
 .rodata.g56510276
                0x000073fc        0x7 C:\broadkey_demo\broadkey_no_enroll\broadkey_no_enroll\USER\broadkey_no_enroll\lib\libiidbroadkey_pro_256_noenroll_m3.a(iidbroadkey_merged.c.obj)
 .rodata.g61657730
                0x00007403      0x100 C:\broadkey_demo\broadkey_no_enroll\broadkey_no_enroll\USER\broadkey_no_enroll\lib\libiidbroadkey_pro_256_noenroll_m3.a(iidbroadkey_merged.c.obj)
 .rodata.g62417863
                0x00007503        0x7 C:\broadkey_demo\broadkey_no_enroll\broadkey_no_enroll\USER\broadkey_no_enroll\lib\libiidbroadkey_pro_256_noenroll_m3.a(iidbroadkey_merged.c.obj)
 .rodata.g68998511
                0x0000750a       0x18 C:\broadkey_demo\broadkey_no_enroll\broadkey_no_enroll\USER\broadkey_no_enroll\lib\libiidbroadkey_pro_256_noenroll_m3.a(iidbroadkey_merged.c.obj)
 .rodata.g74950919
                0x00007522        0x7 C:\broadkey_demo\broadkey_no_enroll\broadkey_no_enroll\USER\broadkey_no_enroll\lib\libiidbroadkey_pro_256_noenroll_m3.a(iidbroadkey_merged.c.obj)
 *fill*         0x00007529        0x3 
 .rodata.g77374324
                0x0000752c       0x26 C:\broadkey_demo\broadkey_no_enroll\broadkey_no_enroll\USER\broadkey_no_enroll\lib\libiidbroadkey_pro_256_noenroll_m3.a(iidbroadkey_merged.c.obj)
 *fill*         0x00007552        0x2 
 .rodata.g79003075
                0x00007554      0x100 C:\broadkey_demo\broadkey_no_enroll\broadkey_no_enroll\USER\broadkey_no_enroll\lib\libiidbroadkey_pro_256_noenroll_m3.a(iidbroadkey_merged.c.obj)
 .rodata.g8350120
                0x00007654       0x20 C:\broadkey_demo\broadkey_no_enroll\broadkey_no_enroll\USER\broadkey_no_enroll\lib\libiidbroadkey_pro_256_noenroll_m3.a(iidbroadkey_merged.c.obj)
 .rodata.g97364758
                0x00007674       0x40 C:\broadkey_demo\broadkey_no_enroll\broadkey_no_enroll\USER\broadkey_no_enroll\lib\libiidbroadkey_pro_256_noenroll_m3.a(iidbroadkey_merged.c.obj)
 .rodata.g99090930
                0x000076b4        0xb C:\broadkey_demo\broadkey_no_enroll\broadkey_no_enroll\USER\broadkey_no_enroll\lib\libiidbroadkey_pro_256_noenroll_m3.a(iidbroadkey_merged.c.obj)
 .rodata.g99189700
                0x000076bf       0x21 C:\broadkey_demo\broadkey_no_enroll\broadkey_no_enroll\USER\broadkey_no_enroll\lib\libiidbroadkey_pro_256_noenroll_m3.a(iidbroadkey_merged.c.obj)
 .rodata.str1.4
                0x000076e0        0x4 c:/users/liang/downloads/gowin prokect/gowin prokect/eclipse_tools_181108a/eclipse_tools/tools/gnu tools arm embedded/5.4 2016q2/bin/../lib/gcc/arm-none-eabi/5.4.1/../../../../arm-none-eabi/lib/armv7-m\libg.a(lib_a-impure.o)
                                  0x2 (size before relaxing)
 .rodata._global_impure_ptr
                0x000076e4        0x4 c:/users/liang/downloads/gowin prokect/gowin prokect/eclipse_tools_181108a/eclipse_tools/tools/gnu tools arm embedded/5.4 2016q2/bin/../lib/gcc/arm-none-eabi/5.4.1/../../../../arm-none-eabi/lib/armv7-m\libg.a(lib_a-impure.o)
                0x000076e4                _global_impure_ptr
 *(.eh_frame*)

.glue_7         0x000076e8        0x0
 .glue_7        0x000076e8        0x0 linker stubs

.glue_7t        0x000076e8        0x0
 .glue_7t       0x000076e8        0x0 linker stubs

.vfp11_veneer   0x000076e8        0x0
 .vfp11_veneer  0x000076e8        0x0 linker stubs

.v4_bx          0x000076e8        0x0
 .v4_bx         0x000076e8        0x0 linker stubs

.iplt           0x000076e8        0x0
 .iplt          0x000076e8        0x0 c:/users/liang/downloads/gowin prokect/gowin prokect/eclipse_tools_181108a/eclipse_tools/tools/gnu tools arm embedded/5.4 2016q2/bin/../lib/gcc/arm-none-eabi/5.4.1/armv7-m/crtbegin.o

.rel.dyn        0x000076e8        0x0
 .rel.iplt      0x000076e8        0x0 c:/users/liang/downloads/gowin prokect/gowin prokect/eclipse_tools_181108a/eclipse_tools/tools/gnu tools arm embedded/5.4 2016q2/bin/../lib/gcc/arm-none-eabi/5.4.1/armv7-m/crtbegin.o

.ARM.extab
 *(.ARM.extab* .gnu.linkonce.armextab.*)
                0x000076e8                __exidx_start = .

.ARM.exidx
 *(.ARM.exidx* .gnu.linkonce.armexidx.*)
                0x000076e8                __exidx_end = .
                0x000076e8                __etext = .

.data           0x20000000      0x438 load address 0x000076e8
                0x20000000                __data_start__ = .
 *(vtable)
 *(.data*)
 .data.SystemCoreClock
                0x20000000        0x4 ./SYSTEM/system_gw1ns2c.o
                0x20000000                SystemCoreClock
 .data.PCLK1    0x20000004        0x4 ./SYSTEM/system_gw1ns2c.o
                0x20000004                PCLK1
 .data.PCLK2    0x20000008        0x4 ./SYSTEM/system_gw1ns2c.o
                0x20000008                PCLK2
 .data.HCLK     0x2000000c        0x4 ./SYSTEM/system_gw1ns2c.o
                0x2000000c                HCLK
 .data.impure_data
                0x20000010      0x428 c:/users/liang/downloads/gowin prokect/gowin prokect/eclipse_tools_181108a/eclipse_tools/tools/gnu tools arm embedded/5.4 2016q2/bin/../lib/gcc/arm-none-eabi/5.4.1/../../../../arm-none-eabi/lib/armv7-m\libg.a(lib_a-impure.o)
                0x20000438                . = ALIGN (0x4)
                0x20000438                PROVIDE (__preinit_array_start, .)
 *(.preinit_array)
                0x20000438                PROVIDE (__preinit_array_end, .)
                0x20000438                . = ALIGN (0x4)
                0x20000438                PROVIDE (__init_array_start, .)
 *(SORT(.init_array.*))
 *(.init_array)
                0x20000438                PROVIDE (__init_array_end, .)
                0x20000438                . = ALIGN (0x4)
                0x20000438                PROVIDE (__fini_array_start, .)
 *(SORT(.fini_array.*))
 *(.fini_array)
                0x20000438                PROVIDE (__fini_array_end, .)
                0x20000438                . = ALIGN (0x4)
                0x20000438                __data_end__ = .

.igot.plt       0x20000438        0x0 load address 0x00007b20
 .igot.plt      0x20000438        0x0 c:/users/liang/downloads/gowin prokect/gowin prokect/eclipse_tools_181108a/eclipse_tools/tools/gnu tools arm embedded/5.4 2016q2/bin/../lib/gcc/arm-none-eabi/5.4.1/armv7-m/crtbegin.o

.bss            0x20000438      0x468 load address 0x00007b20
                0x20000438                . = ALIGN (0x4)
                0x20000438                __bss_start__ = .
 *(.bss*)
 .bss.g80990635
                0x20000438      0x468 C:\broadkey_demo\broadkey_no_enroll\broadkey_no_enroll\USER\broadkey_no_enroll\lib\libiidbroadkey_pro_256_noenroll_m3.a(iidbroadkey_merged.c.obj)
 *(COMMON)
                0x200008a0                . = ALIGN (0x4)
                0x200008a0                __bss_end__ = .

.heap           0x200008a0      0x200
                0x200008a0                __end__ = .
                0x200008a0                end = __end__
 *(.heap*)
 .heap          0x200008a0      0x200 ./STARTUP/startup_gw1ns2c.o
                0x200008a0                __HeapBase
                0x20000aa0                __HeapLimit = .

.stack_dummy    0x200008a0      0x400
 *(.stack*)
 .stack         0x200008a0      0x400 ./STARTUP/startup_gw1ns2c.o
                0x20001c00                __StackTop = (ORIGIN (RAM) + LENGTH (RAM))
                0x20001800                __StackLimit = (__StackTop - SIZEOF (.stack_dummy))
                0x20001c00                PROVIDE (__stack, __StackTop)
                0x00000001                ASSERT ((__StackLimit >= __HeapLimit), region RAM overflowed with stack)
OUTPUT(broadkey_no_enroll.elf elf32-littlearm)

.ARM.attributes
                0x00000000       0x29
 .ARM.attributes
                0x00000000       0x1d c:/users/liang/downloads/gowin prokect/gowin prokect/eclipse_tools_181108a/eclipse_tools/tools/gnu tools arm embedded/5.4 2016q2/bin/../lib/gcc/arm-none-eabi/5.4.1/armv7-m/crti.o
 .ARM.attributes
                0x0000001d       0x33 ./USER/broadkey_no_enroll/src/broadkey_demo_app.o
 .ARM.attributes
                0x00000050       0x33 ./USER/broadkey_no_enroll/src/iid_print.o
 .ARM.attributes
                0x00000083       0x33 ./USER/broadkey_no_enroll/src/iid_usart.o
 .ARM.attributes
                0x000000b6       0x33 ./USER/gw1ns2c_it.o
 .ARM.attributes
                0x000000e9       0x33 ./USER/led.o
 .ARM.attributes
                0x0000011c       0x33 ./USER/main.o
 .ARM.attributes
                0x0000014f       0x33 ./SYSTEM/system_gw1ns2c.o
 .ARM.attributes
                0x00000182       0x1b ./STARTUP/startup_gw1ns2c.o
 .ARM.attributes
                0x0000019d       0x33 ./PERIPHER/Sources/gw1ns2c_gpio.o
 .ARM.attributes
                0x000001d0       0x33 ./PERIPHER/Sources/gw1ns2c_uart.o
 .ARM.attributes
                0x00000203       0x33 C:\broadkey_demo\broadkey_no_enroll\broadkey_no_enroll\USER\broadkey_no_enroll\lib\libiidbroadkey_pro_256_noenroll_m3.a(iidbroadkey_merged.c.obj)
 .ARM.attributes
                0x00000236       0x2d c:/users/liang/downloads/gowin prokect/gowin prokect/eclipse_tools_181108a/eclipse_tools/tools/gnu tools arm embedded/5.4 2016q2/bin/../lib/gcc/arm-none-eabi/5.4.1/../../../../arm-none-eabi/lib/armv7-m\libg.a(lib_a-exit.o)
 .ARM.attributes
                0x00000263       0x2d c:/users/liang/downloads/gowin prokect/gowin prokect/eclipse_tools_181108a/eclipse_tools/tools/gnu tools arm embedded/5.4 2016q2/bin/../lib/gcc/arm-none-eabi/5.4.1/../../../../arm-none-eabi/lib/armv7-m\libg.a(lib_a-impure.o)
 .ARM.attributes
                0x00000290       0x1b c:/users/liang/downloads/gowin prokect/gowin prokect/eclipse_tools_181108a/eclipse_tools/tools/gnu tools arm embedded/5.4 2016q2/bin/../lib/gcc/arm-none-eabi/5.4.1/../../../../arm-none-eabi/lib/armv7-m\libg.a(lib_a-memcpy.o)
 .ARM.attributes
                0x000002ab       0x2d c:/users/liang/downloads/gowin prokect/gowin prokect/eclipse_tools_181108a/eclipse_tools/tools/gnu tools arm embedded/5.4 2016q2/bin/../lib/gcc/arm-none-eabi/5.4.1/../../../../arm-none-eabi/lib/armv7-m\libg.a(lib_a-memset.o)
 .ARM.attributes
                0x000002d8       0x2d c:/users/liang/downloads/gowin prokect/gowin prokect/eclipse_tools_181108a/eclipse_tools/tools/gnu tools arm embedded/5.4 2016q2/bin/../lib/gcc/arm-none-eabi/5.4.1/../../../../arm-none-eabi/lib/armv7-m\libg.a(lib_a-__call_atexit.o)
 .ARM.attributes
                0x00000305       0x2d c:/users/liang/downloads/gowin prokect/gowin prokect/eclipse_tools_181108a/eclipse_tools/tools/gnu tools arm embedded/5.4 2016q2/bin/../lib/gcc/arm-none-eabi/5.4.1/../../../../arm-none-eabi/lib/armv7-m\libnosys.a(_exit.o)

.comment        0x00000000       0xed
 .comment       0x00000000       0x6e ./USER/broadkey_no_enroll/src/broadkey_demo_app.o
                                 0x6f (size before relaxing)
 .comment       0x0000006e       0x6f ./USER/broadkey_no_enroll/src/iid_print.o
 .comment       0x0000006e       0x6f ./USER/broadkey_no_enroll/src/iid_usart.o
 .comment       0x0000006e       0x6f ./USER/gw1ns2c_it.o
 .comment       0x0000006e       0x6f ./USER/led.o
 .comment       0x0000006e       0x6f ./USER/main.o
 .comment       0x0000006e       0x6f ./SYSTEM/system_gw1ns2c.o
 .comment       0x0000006e       0x6f ./PERIPHER/Sources/gw1ns2c_gpio.o
 .comment       0x0000006e       0x6f ./PERIPHER/Sources/gw1ns2c_uart.o
 .comment       0x0000006e       0x7f C:\broadkey_demo\broadkey_no_enroll\broadkey_no_enroll\USER\broadkey_no_enroll\lib\libiidbroadkey_pro_256_noenroll_m3.a(iidbroadkey_merged.c.obj)
                                 0x80 (size before relaxing)

.debug_info     0x00000000     0x26c2
 .debug_info    0x00000000      0xa8d ./USER/broadkey_no_enroll/src/broadkey_demo_app.o
 .debug_info    0x00000a8d      0x2d7 ./USER/broadkey_no_enroll/src/iid_print.o
 .debug_info    0x00000d64      0x2f9 ./USER/broadkey_no_enroll/src/iid_usart.o
 .debug_info    0x0000105d      0x176 ./USER/gw1ns2c_it.o
 .debug_info    0x000011d3      0x27f ./USER/led.o
 .debug_info    0x00001452      0x445 ./USER/main.o
 .debug_info    0x00001897      0x104 ./SYSTEM/system_gw1ns2c.o
 .debug_info    0x0000199b       0x82 ./STARTUP/startup_gw1ns2c.o
 .debug_info    0x00001a1d      0x6ab ./PERIPHER/Sources/gw1ns2c_gpio.o
 .debug_info    0x000020c8      0x5fa ./PERIPHER/Sources/gw1ns2c_uart.o

.debug_abbrev   0x00000000      0xa5d
 .debug_abbrev  0x00000000      0x178 ./USER/broadkey_no_enroll/src/broadkey_demo_app.o
 .debug_abbrev  0x00000178       0xfa ./USER/broadkey_no_enroll/src/iid_print.o
 .debug_abbrev  0x00000272      0x100 ./USER/broadkey_no_enroll/src/iid_usart.o
 .debug_abbrev  0x00000372       0x5d ./USER/gw1ns2c_it.o
 .debug_abbrev  0x000003cf      0x109 ./USER/led.o
 .debug_abbrev  0x000004d8      0x1c3 ./USER/main.o
 .debug_abbrev  0x0000069b       0x7b ./SYSTEM/system_gw1ns2c.o
 .debug_abbrev  0x00000716       0x14 ./STARTUP/startup_gw1ns2c.o
 .debug_abbrev  0x0000072a      0x18f ./PERIPHER/Sources/gw1ns2c_gpio.o
 .debug_abbrev  0x000008b9      0x1a4 ./PERIPHER/Sources/gw1ns2c_uart.o

.debug_aranges  0x00000000      0x408
 .debug_aranges
                0x00000000       0x90 ./USER/broadkey_no_enroll/src/broadkey_demo_app.o
 .debug_aranges
                0x00000090       0x60 ./USER/broadkey_no_enroll/src/iid_print.o
 .debug_aranges
                0x000000f0       0x30 ./USER/broadkey_no_enroll/src/iid_usart.o
 .debug_aranges
                0x00000120       0x88 ./USER/gw1ns2c_it.o
 .debug_aranges
                0x000001a8       0x38 ./USER/led.o
 .debug_aranges
                0x000001e0       0x68 ./USER/main.o
 .debug_aranges
                0x00000248       0x28 ./SYSTEM/system_gw1ns2c.o
 .debug_aranges
                0x00000270       0x20 ./STARTUP/startup_gw1ns2c.o
 .debug_aranges
                0x00000290       0xb8 ./PERIPHER/Sources/gw1ns2c_gpio.o
 .debug_aranges
                0x00000348       0xc0 ./PERIPHER/Sources/gw1ns2c_uart.o

.debug_ranges   0x00000000      0x358
 .debug_ranges  0x00000000       0x80 ./USER/broadkey_no_enroll/src/broadkey_demo_app.o
 .debug_ranges  0x00000080       0x50 ./USER/broadkey_no_enroll/src/iid_print.o
 .debug_ranges  0x000000d0       0x20 ./USER/broadkey_no_enroll/src/iid_usart.o
 .debug_ranges  0x000000f0       0x78 ./USER/gw1ns2c_it.o
 .debug_ranges  0x00000168       0x28 ./USER/led.o
 .debug_ranges  0x00000190       0x58 ./USER/main.o
 .debug_ranges  0x000001e8       0x18 ./SYSTEM/system_gw1ns2c.o
 .debug_ranges  0x00000200       0xa8 ./PERIPHER/Sources/gw1ns2c_gpio.o
 .debug_ranges  0x000002a8       0xb0 ./PERIPHER/Sources/gw1ns2c_uart.o

.debug_macro    0x00000000     0x37d5
 .debug_macro   0x00000000       0xc6 ./USER/broadkey_no_enroll/src/broadkey_demo_app.o
 .debug_macro   0x000000c6      0x868 ./USER/broadkey_no_enroll/src/broadkey_demo_app.o
 .debug_macro   0x0000092e       0x1c ./USER/broadkey_no_enroll/src/broadkey_demo_app.o
 .debug_macro   0x0000094a       0x22 ./USER/broadkey_no_enroll/src/broadkey_demo_app.o
 .debug_macro   0x0000096c       0x87 ./USER/broadkey_no_enroll/src/broadkey_demo_app.o
 .debug_macro   0x000009f3       0x44 ./USER/broadkey_no_enroll/src/broadkey_demo_app.o
 .debug_macro   0x00000a37       0xfd ./USER/broadkey_no_enroll/src/broadkey_demo_app.o
 .debug_macro   0x00000b34       0x5e ./USER/broadkey_no_enroll/src/broadkey_demo_app.o
 .debug_macro   0x00000b92      0x1df ./USER/broadkey_no_enroll/src/broadkey_demo_app.o
 .debug_macro   0x00000d71       0x22 ./USER/broadkey_no_enroll/src/broadkey_demo_app.o
 .debug_macro   0x00000d93       0x19 ./USER/broadkey_no_enroll/src/broadkey_demo_app.o
 .debug_macro   0x00000dac       0x46 ./USER/broadkey_no_enroll/src/broadkey_demo_app.o
 .debug_macro   0x00000df2       0x7d ./USER/broadkey_no_enroll/src/broadkey_demo_app.o
 .debug_macro   0x00000e6f       0xa6 ./USER/broadkey_no_enroll/src/iid_print.o
 .debug_macro   0x00000f15       0xfa ./USER/broadkey_no_enroll/src/iid_usart.o
 .debug_macro   0x0000100f       0x22 ./USER/broadkey_no_enroll/src/iid_usart.o
 .debug_macro   0x00001031       0x22 ./USER/broadkey_no_enroll/src/iid_usart.o
 .debug_macro   0x00001053      0x7b7 ./USER/broadkey_no_enroll/src/iid_usart.o
 .debug_macro   0x0000180a      0x3b5 ./USER/broadkey_no_enroll/src/iid_usart.o
 .debug_macro   0x00001bbf       0x6a ./USER/broadkey_no_enroll/src/iid_usart.o
 .debug_macro   0x00001c29       0x7c ./USER/broadkey_no_enroll/src/iid_usart.o
 .debug_macro   0x00001ca5       0x22 ./USER/broadkey_no_enroll/src/iid_usart.o
 .debug_macro   0x00001cc7       0xcb ./USER/gw1ns2c_it.o
 .debug_macro   0x00001d92       0xbc ./USER/led.o
 .debug_macro   0x00001e4e      0x7d5 ./USER/led.o
 .debug_macro   0x00002623      0x286 ./USER/main.o
 .debug_macro   0x000028a9       0x52 ./USER/main.o
 .debug_macro   0x000028fb       0x35 ./USER/main.o
 .debug_macro   0x00002930       0x9c ./USER/main.o
 .debug_macro   0x000029cc       0x16 ./USER/main.o
 .debug_macro   0x000029e2       0x97 ./USER/main.o
 .debug_macro   0x00002a79      0x30d ./USER/main.o
 .debug_macro   0x00002d86       0xfd ./USER/main.o
 .debug_macro   0x00002e83       0x10 ./USER/main.o
 .debug_macro   0x00002e93       0x52 ./USER/main.o
 .debug_macro   0x00002ee5       0x1f ./USER/main.o
 .debug_macro   0x00002f04       0x43 ./USER/main.o
 .debug_macro   0x00002f47       0x20 ./USER/main.o
 .debug_macro   0x00002f67      0x187 ./USER/main.o
 .debug_macro   0x000030ee       0x10 ./USER/main.o
 .debug_macro   0x000030fe       0x1c ./USER/main.o
 .debug_macro   0x0000311a       0x52 ./USER/main.o
 .debug_macro   0x0000316c       0x40 ./USER/main.o
 .debug_macro   0x000031ac       0x10 ./USER/main.o
 .debug_macro   0x000031bc       0x40 ./USER/main.o
 .debug_macro   0x000031fc       0xd7 ./USER/main.o
 .debug_macro   0x000032d3       0x16 ./USER/main.o
 .debug_macro   0x000032e9      0x189 ./USER/main.o
 .debug_macro   0x00003472       0x16 ./USER/main.o
 .debug_macro   0x00003488       0x35 ./USER/main.o
 .debug_macro   0x000034bd       0x16 ./USER/main.o
 .debug_macro   0x000034d3       0x29 ./USER/main.o
 .debug_macro   0x000034fc       0xcd ./SYSTEM/system_gw1ns2c.o
 .debug_macro   0x000035c9       0xcb ./PERIPHER/Sources/gw1ns2c_gpio.o
 .debug_macro   0x00003694       0x76 ./PERIPHER/Sources/gw1ns2c_gpio.o
 .debug_macro   0x0000370a       0xcb ./PERIPHER/Sources/gw1ns2c_uart.o

.debug_line     0x00000000     0x36f7
 .debug_line    0x00000000      0x876 ./USER/broadkey_no_enroll/src/broadkey_demo_app.o
 .debug_line    0x00000876      0x4f1 ./USER/broadkey_no_enroll/src/iid_print.o
 .debug_line    0x00000d67      0x586 ./USER/broadkey_no_enroll/src/iid_usart.o
 .debug_line    0x000012ed      0x597 ./USER/gw1ns2c_it.o
 .debug_line    0x00001884      0x4f2 ./USER/led.o
 .debug_line    0x00001d76      0x781 ./USER/main.o
 .debug_line    0x000024f7      0x4c8 ./SYSTEM/system_gw1ns2c.o
 .debug_line    0x000029bf       0x97 ./STARTUP/startup_gw1ns2c.o
 .debug_line    0x00002a56      0x656 ./PERIPHER/Sources/gw1ns2c_gpio.o
 .debug_line    0x000030ac      0x64b ./PERIPHER/Sources/gw1ns2c_uart.o

.debug_str      0x00000000     0xce5c
 .debug_str     0x00000000     0x3eda ./USER/broadkey_no_enroll/src/broadkey_demo_app.o
                               0x4112 (size before relaxing)
 .debug_str     0x00003eda       0xd7 ./USER/broadkey_no_enroll/src/iid_print.o
                               0x35b1 (size before relaxing)
 .debug_str     0x00003fb1     0x4ae5 ./USER/broadkey_no_enroll/src/iid_usart.o
                               0x7f7f (size before relaxing)
 .debug_str     0x00008a96      0x104 ./USER/gw1ns2c_it.o
                               0x7d9a (size before relaxing)
 .debug_str     0x00008b9a       0xdc ./USER/led.o
                               0x7db0 (size before relaxing)
 .debug_str     0x00008c76     0x3cc9 ./USER/main.o
                               0xbc93 (size before relaxing)
 .debug_str     0x0000c93f       0x8d ./SYSTEM/system_gw1ns2c.o
                               0x7d37 (size before relaxing)
 .debug_str     0x0000c9cc      0x269 ./PERIPHER/Sources/gw1ns2c_gpio.o
                               0x7fd7 (size before relaxing)
 .debug_str     0x0000cc35      0x227 ./PERIPHER/Sources/gw1ns2c_uart.o
                               0x7ffe (size before relaxing)

.debug_frame    0x00000000      0xf94
 .debug_frame   0x00000000      0x258 ./USER/broadkey_no_enroll/src/broadkey_demo_app.o
 .debug_frame   0x00000258      0x158 ./USER/broadkey_no_enroll/src/iid_print.o
 .debug_frame   0x000003b0       0x80 ./USER/broadkey_no_enroll/src/iid_usart.o
 .debug_frame   0x00000430      0x1b0 ./USER/gw1ns2c_it.o
 .debug_frame   0x000005e0       0x98 ./USER/led.o
 .debug_frame   0x00000678      0x17c ./USER/main.o
 .debug_frame   0x000007f4       0x50 ./SYSTEM/system_gw1ns2c.o
 .debug_frame   0x00000844      0x330 ./PERIPHER/Sources/gw1ns2c_gpio.o
 .debug_frame   0x00000b74      0x354 ./PERIPHER/Sources/gw1ns2c_uart.o
 .debug_frame   0x00000ec8       0x28 c:/users/liang/downloads/gowin prokect/gowin prokect/eclipse_tools_181108a/eclipse_tools/tools/gnu tools arm embedded/5.4 2016q2/bin/../lib/gcc/arm-none-eabi/5.4.1/../../../../arm-none-eabi/lib/armv7-m\libg.a(lib_a-exit.o)
 .debug_frame   0x00000ef0       0x34 c:/users/liang/downloads/gowin prokect/gowin prokect/eclipse_tools_181108a/eclipse_tools/tools/gnu tools arm embedded/5.4 2016q2/bin/../lib/gcc/arm-none-eabi/5.4.1/../../../../arm-none-eabi/lib/armv7-m\libg.a(lib_a-memset.o)
 .debug_frame   0x00000f24       0x50 c:/users/liang/downloads/gowin prokect/gowin prokect/eclipse_tools_181108a/eclipse_tools/tools/gnu tools arm embedded/5.4 2016q2/bin/../lib/gcc/arm-none-eabi/5.4.1/../../../../arm-none-eabi/lib/armv7-m\libg.a(lib_a-__call_atexit.o)
 .debug_frame   0x00000f74       0x20 c:/users/liang/downloads/gowin prokect/gowin prokect/eclipse_tools_181108a/eclipse_tools/tools/gnu tools arm embedded/5.4 2016q2/bin/../lib/gcc/arm-none-eabi/5.4.1/../../../../arm-none-eabi/lib/armv7-m\libnosys.a(_exit.o)
